2026-06-14 23:47:27,785 INFO root Collecting keirin results for 2026-06-14
2026-06-14 23:47:27,786 INFO root Rendering result list (1/5): https://www.winticket.jp/keirin/results/20260614
2026-06-14 23:47:34,201 INFO root Found 90 result links
2026-06-14 23:47:34,477 INFO root Saved race: 20260614_GIF_01
2026-06-14 23:47:34,766 INFO root Saved race: 20260614_GIF_02
2026-06-14 23:47:36,258 INFO root Saved race: 20260614_GIF_03
2026-06-14 23:47:37,976 INFO root Saved race: 20260614_GIF_04
2026-06-14 23:47:39,987 INFO root Saved race: 20260614_GIF_05
2026-06-14 23:47:41,199 INFO root Saved race: 20260614_GIF_06
2026-06-14 23:47:42,152 INFO root Saved race: 20260614_GIF_07
2026-06-14 23:47:44,563 INFO root Saved race: 20260614_GIF_08
2026-06-14 23:47:46,629 INFO root Saved race: 20260614_GIF_09
2026-06-14 23:47:46,944 INFO root Saved race: 20260614_GIF_10
2026-06-14 23:47:48,290 INFO root Saved race: 20260614_GIF_11
2026-06-14 23:47:49,717 INFO root Saved race: 20260614_GIF_12
2026-06-14 23:47:50,953 INFO root Saved race: 20260614_TAM_01
2026-06-14 23:47:51,980 INFO root Saved race: 20260614_TAM_02
2026-06-14 23:47:54,154 INFO root Saved race: 20260614_TAM_03
2026-06-14 23:47:54,871 INFO root Saved race: 20260614_TAM_04
2026-06-14 23:47:56,034 INFO root Saved race: 20260614_TAM_05
2026-06-14 23:47:57,514 INFO root Saved race: 20260614_TAM_06
2026-06-14 23:47:59,335 INFO root Saved race: 20260614_TAM_07
2026-06-14 23:48:00,676 INFO root Saved race: 20260614_TAM_08
2026-06-14 23:48:01,629 INFO root Saved race: 20260614_TAM_09
2026-06-14 23:48:02,301 INFO root Saved race: 20260614_TAM_10
2026-06-14 23:48:03,032 INFO root Saved race: 20260614_TAM_11
2026-06-14 23:48:05,135 INFO root Saved race: 20260614_TAM_12
2026-06-14 23:48:07,016 INFO root Saved race: 20260614_YAH_01
2026-06-14 23:48:08,217 INFO root Saved race: 20260614_YAH_02
2026-06-14 23:48:10,151 INFO root Saved race: 20260614_YAH_03
2026-06-14 23:48:10,825 INFO root Saved race: 20260614_YAH_04
2026-06-14 23:48:11,584 INFO root Saved race: 20260614_YAH_05
2026-06-14 23:48:12,903 INFO root Saved race: 20260614_YAH_06
2026-06-14 23:48:14,718 INFO root Saved race: 20260614_YAH_07
2026-06-14 23:48:15,932 INFO root Saved race: 20260614_YAH_08
2026-06-14 23:48:17,562 INFO root Saved race: 20260614_YAH_09
2026-06-14 23:48:18,201 INFO root Saved race: 20260614_TAKEO_01
2026-06-14 23:48:19,189 INFO root Saved race: 20260614_TAKEO_02
2026-06-14 23:48:19,869 INFO root Saved race: 20260614_TAKEO_03
2026-06-14 23:48:20,169 INFO root Saved race: 20260614_TAKEO_04
2026-06-14 23:48:22,133 INFO root Saved race: 20260614_TAKEO_05
2026-06-14 23:48:23,075 INFO root Saved race: 20260614_TAKEO_06
2026-06-14 23:48:24,276 INFO root Saved race: 20260614_TAKEO_07
2026-06-14 23:48:24,919 INFO root Saved race: 20260614_TAKEO_08
2026-06-14 23:48:25,352 INFO root Saved race: 20260614_TAKEO_09
2026-06-14 23:48:26,855 INFO root Saved race: 20260614_TOR_01
2026-06-14 23:48:27,695 INFO root Saved race: 20260614_TOR_02
2026-06-14 23:48:28,524 INFO root Saved race: 20260614_TOR_03
2026-06-14 23:48:30,291 INFO root Saved race: 20260614_TOR_04
2026-06-14 23:48:31,493 INFO root Saved race: 20260614_TOR_05
2026-06-14 23:48:32,131 INFO root Saved race: 20260614_TOR_06
2026-06-14 23:48:34,095 INFO root Saved race: 20260614_TOR_07
2026-06-14 23:48:34,787 INFO root Saved race: 20260614_ITO_01
2026-06-14 23:48:36,173 INFO root Saved race: 20260614_ITO_02
2026-06-14 23:48:38,336 INFO root Saved race: 20260614_ITO_03
2026-06-14 23:48:40,191 INFO root Saved race: 20260614_ITO_04
2026-06-14 23:48:42,067 INFO root Saved race: 20260614_ITO_05
2026-06-14 23:48:42,696 INFO root Saved race: 20260614_ITO_06
2026-06-14 23:48:44,735 INFO root Saved race: 20260614_ITO_07
2026-06-14 23:48:46,967 INFO root Saved race: 20260614_ITO_08
2026-06-14 23:48:48,683 INFO root Saved race: 20260614_ITO_09
2026-06-14 23:48:50,568 INFO root Saved race: 20260614_ITO_10
2026-06-14 23:48:51,386 INFO root Saved race: 20260614_ITO_11
2026-06-14 23:48:52,181 INFO root Saved race: 20260614_ITO_12
2026-06-14 23:48:52,867 INFO root Saved race: 20260614_NAR_01
2026-06-14 23:48:54,198 INFO root Saved race: 20260614_NAR_02
2026-06-14 23:48:55,431 INFO root Saved race: 20260614_NAR_03
2026-06-14 23:48:56,162 INFO root Saved race: 20260614_NAR_04
2026-06-14 23:48:57,282 INFO root Saved race: 20260614_NAR_05
2026-06-14 23:48:58,076 INFO root Saved race: 20260614_NAR_06
2026-06-14 23:48:58,834 INFO root Saved race: 20260614_NAR_07
2026-06-14 23:49:00,214 INFO root Saved race: 20260614_NAR_08
2026-06-14 23:49:01,130 INFO root Saved race: 20260614_NAR_09
2026-06-14 23:49:01,885 INFO root Saved race: 20260614_NAR_10
2026-06-14 23:49:02,928 INFO root Saved race: 20260614_NAR_11
2026-06-14 23:49:03,861 INFO root Saved race: 20260614_HAK_01
2026-06-14 23:49:05,642 INFO root Saved race: 20260614_HAK_02
2026-06-14 23:49:06,678 INFO root Saved race: 20260614_HAK_03
2026-06-14 23:49:07,363 INFO root Saved race: 20260614_HAK_04
2026-06-14 23:49:08,397 INFO root Saved race: 20260614_HAK_05
2026-06-14 23:49:09,611 INFO root Saved race: 20260614_HAK_06
2026-06-14 23:49:10,530 INFO root Saved race: 20260614_HAK_07
2026-06-14 23:49:11,221 INFO root Saved race: 20260614_HAK_08
2026-06-14 23:49:12,119 INFO root Saved race: 20260614_HAK_09
2026-06-14 23:49:13,248 INFO root Saved race: 20260614_HAK_10
2026-06-14 23:49:15,388 INFO root Saved race: 20260614_HAK_11
2026-06-14 23:49:17,393 INFO root Saved race: 20260614_ODA_01
2026-06-14 23:49:18,671 INFO root Saved race: 20260614_ODA_02
2026-06-14 23:49:20,181 INFO root Saved race: 20260614_ODA_03
2026-06-14 23:49:22,009 INFO root Saved race: 20260614_ODA_04
2026-06-14 23:49:22,944 INFO root Saved race: 20260614_ODA_05
2026-06-14 23:49:23,888 INFO root Saved race: 20260614_ODA_06
2026-06-14 23:49:25,734 INFO root Saved race: 20260614_ODA_07
2026-06-14 23:49:25,734 INFO root Completed: {'found': 90, 'saved': 90, 'skipped': 0, 'failed': 0}
