2026-06-17 23:59:14,736 INFO root Collecting keirin racecards for 2026-06-18
2026-06-17 23:59:14,736 INFO root Rendering racecard list (1/5): https://www.winticket.jp/keirin/racecard/20260618
2026-06-17 23:59:18,469 INFO root Found 71 racecard links
2026-06-17 23:59:24,247 INFO root Saved racecard: 20260618_TOYAMA_01
2026-06-17 23:59:32,108 INFO root Saved racecard: 20260618_TOYAMA_02
2026-06-17 23:59:39,228 INFO root Saved racecard: 20260618_TOYAMA_03
2026-06-17 23:59:45,839 INFO root Saved racecard: 20260618_TOYAMA_04
2026-06-17 23:59:52,807 INFO root Saved racecard: 20260618_TOYAMA_05
2026-06-17 23:59:58,532 INFO root Saved racecard: 20260618_TOYAMA_06
2026-06-18 00:00:04,395 INFO root Saved racecard: 20260618_TOYAMA_07
2026-06-18 00:00:11,573 INFO root Saved racecard: 20260618_TOYAMA_08
2026-06-18 00:00:18,360 INFO root Saved racecard: 20260618_TOYAMA_09
2026-06-18 00:00:25,751 INFO root Saved racecard: 20260618_TOYAMA_10
2026-06-18 00:00:32,430 INFO root Saved racecard: 20260618_TOYAMA_11
2026-06-18 00:00:38,759 INFO root Saved racecard: 20260618_KIS_01
2026-06-18 00:00:44,508 INFO root Saved racecard: 20260618_KIS_02
2026-06-18 00:00:50,416 INFO root Saved racecard: 20260618_KIS_03
2026-06-18 00:00:57,744 INFO root Saved racecard: 20260618_KIS_04
2026-06-18 00:01:05,119 INFO root Saved racecard: 20260618_KIS_05
2026-06-18 00:01:12,787 INFO root Saved racecard: 20260618_KIS_06
2026-06-18 00:01:20,528 INFO root Saved racecard: 20260618_KIS_07
2026-06-18 00:01:27,842 INFO root Saved racecard: 20260618_KIS_08
2026-06-18 00:01:35,984 INFO root Saved racecard: 20260618_KIS_09
2026-06-18 00:01:43,069 INFO root Saved racecard: 20260618_KIS_10
2026-06-18 00:01:49,859 INFO root Saved racecard: 20260618_KIS_11
2026-06-18 00:01:56,664 INFO root Saved racecard: 20260618_KIS_12
2026-06-18 00:02:02,921 INFO root Saved racecard: 20260618_AOM_01
2026-06-18 00:02:09,975 INFO root Saved racecard: 20260618_AOM_02
2026-06-18 00:02:17,431 INFO root Saved racecard: 20260618_AOM_03
2026-06-18 00:02:24,344 INFO root Saved racecard: 20260618_AOM_04
2026-06-18 00:02:31,240 INFO root Saved racecard: 20260618_AOM_05
2026-06-18 00:02:38,635 INFO root Saved racecard: 20260618_AOM_06
2026-06-18 00:02:44,229 INFO root Saved racecard: 20260618_AOM_07
2026-06-18 00:02:51,435 INFO root Saved racecard: 20260618_KEI_01
2026-06-18 00:02:59,643 INFO root Saved racecard: 20260618_KEI_02
2026-06-18 00:03:06,479 INFO root Saved racecard: 20260618_KEI_03
2026-06-18 00:03:12,372 INFO root Saved racecard: 20260618_KEI_04
2026-06-18 00:03:19,589 INFO root Saved racecard: 20260618_KEI_05
2026-06-18 00:03:26,435 INFO root Saved racecard: 20260618_KEI_06
2026-06-18 00:03:33,371 INFO root Saved racecard: 20260618_KEI_07
2026-06-18 00:03:40,129 INFO root Saved racecard: 20260618_KEI_08
2026-06-18 00:03:47,291 INFO root Saved racecard: 20260618_KEI_09
2026-06-18 00:03:53,723 INFO root Saved racecard: 20260618_KEI_10
2026-06-18 00:04:02,215 INFO root Saved racecard: 20260618_KEI_11
2026-06-18 00:04:09,345 INFO root Saved racecard: 20260618_KEI_12
2026-06-18 00:04:16,416 INFO root Saved racecard: 20260618_KOC_01
2026-06-18 00:04:23,283 INFO root Saved racecard: 20260618_KOC_02
2026-06-18 00:04:30,744 INFO root Saved racecard: 20260618_KOC_03
2026-06-18 00:04:37,631 INFO root Saved racecard: 20260618_KOC_04
2026-06-18 00:04:44,122 INFO root Saved racecard: 20260618_KOC_05
2026-06-18 00:04:50,973 INFO root Saved racecard: 20260618_KOC_06
2026-06-18 00:04:57,585 INFO root Saved racecard: 20260618_KOC_07
2026-06-18 00:05:05,264 INFO root Saved racecard: 20260618_KOC_08
2026-06-18 00:05:12,753 INFO root Saved racecard: 20260618_KOC_09
2026-06-18 00:05:19,737 INFO root Saved racecard: 20260618_KOK_01
2026-06-18 00:05:26,776 INFO root Saved racecard: 20260618_KOK_02
2026-06-18 00:05:33,425 INFO root Saved racecard: 20260618_KOK_03
2026-06-18 00:05:40,330 INFO root Saved racecard: 20260618_KOK_04
2026-06-18 00:05:48,119 INFO root Saved racecard: 20260618_KOK_05
2026-06-18 00:05:55,190 INFO root Saved racecard: 20260618_KOK_06
2026-06-18 00:06:01,832 INFO root Saved racecard: 20260618_KOK_07
2026-06-18 00:06:09,234 INFO root Saved racecard: 20260618_KOK_08
2026-06-18 00:06:16,679 INFO root Saved racecard: 20260618_KOK_09
2026-06-18 00:06:25,085 INFO root Saved racecard: 20260618_KOK_10
2026-06-18 00:06:31,365 INFO root Saved racecard: 20260618_KOK_11
2026-06-18 00:06:38,164 INFO root Saved racecard: 20260618_KUM_01
2026-06-18 00:06:44,703 INFO root Saved racecard: 20260618_KUM_02
2026-06-18 00:06:51,500 INFO root Saved racecard: 20260618_KUM_03
2026-06-18 00:06:58,335 INFO root Saved racecard: 20260618_KUM_04
2026-06-18 00:07:05,762 INFO root Saved racecard: 20260618_KUM_05
2026-06-18 00:07:13,860 INFO root Saved racecard: 20260618_KUM_06
2026-06-18 00:07:20,341 INFO root Saved racecard: 20260618_KUM_07
2026-06-18 00:07:27,669 INFO root Saved racecard: 20260618_KUM_08
2026-06-18 00:07:35,257 INFO root Saved racecard: 20260618_KUM_09
2026-06-18 00:07:35,258 INFO root Completed: {'found': 71, 'saved': 71, 'skipped': 0, 'failed': 0}
